    出生点(ENU, 来自 scenarios.yaml/S39_grid9_hover_lag): 0,0,0,0,0,0 3,0,0,0,0,0 -3,0,0,0,0,0 0,3,0,0,0,0 0,-3,0,0,0,0 3,3,0,0,0,0 3,-3,0,0,0,0 -3,3,0,0,0,0 -3,-3,0,0,0,0
=== RUN csv=/home/shirui/flights/regress/grid9B.csv scen=S39_grid9_hover_lag form=grid9 nd=9 wind=0(0N) rows=150  2026-07-09T18:08:57+08:00
[0] cleanup
[1] gazebo headless: default.sdf
[2] spawn 9 px4
[3] wait Ready for takeoff
    ready=9/9
[4] DDS
[5] launch scenario:=S39_grid9_hover_lag
    armed=9/9
[mpc_node-5] [INFO] [1783591967.831346344] [px4_3.mpc_node_3]: acados OCP ready. model = interface-consistent (v_dot=(v_sp-v)/tau, tau=0.500s, publish u0)
[6] logger -> /home/shirui/flights/regress/grid9B.csv
[7] collecting
/home/shirui/run_sim.sh: 行 89: /home/shirui/flights/regress/grid9B.csv: 没有那个文件或目录
    rows=28/150
    rows=58/150
    rows=88/150
    rows=118/150
    rows=148/150
[8] stop
/home/shirui/run_sim.sh: 第 118 行： 115138 已杀死               ros2 launch mpc_control swarm_launch.py scenario:=$SCENARIO &> /tmp/ctrl.log
[9] DONE rows=150 lead=0s wind=0s  2026-07-09T18:15:27+08:00
