    出生点(ENU, 来自 scenarios.yaml/S11_cross5_perturbed): 0.8,1,0,0,0,0 3.4,0.5,0,0,0,0 -2.6,-0.7,0,0,0,0 -0.6,3.5,0,0,0,0 -0.8,-3.5,0,0,0,0
=== RUN csv=/home/shirui/flights/regress/perturbA.csv scen=S11_cross5_perturbed form=cross5 nd=5 wind=0(0N) rows=220  2026-07-09T17:41:01+08:00
[0] cleanup
[1] gazebo headless: default.sdf
[2] spawn 5 px4
[3] wait Ready for takeoff
    ready=5/5
[4] DDS
[5] launch scenario:=S11_cross5_perturbed
    armed=5/5
[mpc_node-5] [INFO] [1783590153.678939453] [px4_3.mpc_node_3]: acados OCP ready. model = double-integrator (v_dot=u, publish x_pred[1]) [legacy]
[6] logger -> /home/shirui/flights/regress/perturbA.csv
[7] collecting
/home/shirui/run_sim.sh: 行 89: /home/shirui/flights/regress/perturbA.csv: 没有那个文件或目录
    rows=28/220
    rows=58/220
    rows=88/220
    rows=118/220
    rows=149/220
    rows=179/220
    rows=209/220
[8] stop
/home/shirui/run_sim.sh: 第 118 行： 93115 已杀死               ros2 launch mpc_control swarm_launch.py scenario:=$SCENARIO &> /tmp/ctrl.log
[9] DONE rows=221 lead=0s wind=0s  2026-07-09T17:46:23+08:00
