    出生点(ENU, 来自 scenarios.yaml/S41_cross5_perturbed_lag): 0.8,1,0,0,0,0 3.4,0.5,0,0,0,0 -2.6,-0.7,0,0,0,0 -0.6,3.5,0,0,0,0 -0.8,-3.5,0,0,0,0
=== RUN csv=/home/shirui/flights/regress/perturbB.csv scen=S41_cross5_perturbed_lag form=cross5 nd=5 wind=0(0N) rows=220  2026-07-09T17:46:23+08:00
[0] cleanup
[1] gazebo headless: default.sdf
[2] spawn 5 px4
[3] wait Ready for takeoff
    ready=5/5
[4] DDS
[5] launch scenario:=S41_cross5_perturbed_lag
    armed=5/5
[mpc_node-4] [INFO] [1783590475.728499860] [px4_2.mpc_node_2]: acados OCP ready. model = interface-consistent (v_dot=(v_sp-v)/tau, tau=0.500s, publish u0)
[6] logger -> /home/shirui/flights/regress/perturbB.csv
[7] collecting
/home/shirui/run_sim.sh: 行 89: /home/shirui/flights/regress/perturbB.csv: 没有那个文件或目录
    rows=28/220
    rows=58/220
    rows=88/220
    rows=118/220
    rows=149/220
    rows=179/220
    rows=209/220
[8] stop
/home/shirui/run_sim.sh: 第 118 行： 96818 已杀死               ros2 launch mpc_control swarm_launch.py scenario:=$SCENARIO &> /tmp/ctrl.log
[9] DONE rows=221 lead=0s wind=0s  2026-07-09T17:51:44+08:00
